------------------------------------------------------------
Timing Analyzer Summary
------------------------------------------------------------

Type  : Slow 1100mV 85C Model Setup 'clk'
Slack : -0.309
TNS   : -0.841

Type  : Slow 1100mV 85C Model Hold 'clk'
Slack : 0.428
TNS   : 0.000

Type  : Slow 1100mV 85C Model Minimum Pulse Width 'clk'
Slack : -0.724
TNS   : -4.424

Type  : Slow 1100mV 0C Model Setup 'clk'
Slack : -0.380
TNS   : -0.766

Type  : Slow 1100mV 0C Model Hold 'clk'
Slack : 0.414
TNS   : 0.000

Type  : Slow 1100mV 0C Model Minimum Pulse Width 'clk'
Slack : -0.724
TNS   : -4.518

Type  : Fast 1100mV 85C Model Setup 'clk'
Slack : 0.403
TNS   : 0.000

Type  : Fast 1100mV 85C Model Hold 'clk'
Slack : 0.194
TNS   : 0.000

Type  : Fast 1100mV 85C Model Minimum Pulse Width 'clk'
Slack : -0.084
TNS   : -0.330

Type  : Fast 1100mV 0C Model Setup 'clk'
Slack : 0.447
TNS   : 0.000

Type  : Fast 1100mV 0C Model Hold 'clk'
Slack : 0.172
TNS   : 0.000

Type  : Fast 1100mV 0C Model Minimum Pulse Width 'clk'
Slack : -0.083
TNS   : -0.328

------------------------------------------------------------
